
=== 23:43:50 === phase 3 -- 1-shard sensitivity, session results/20260820T212820-v030-1shard

=== 23:43:50 === .venv/bin/python generator/select_topology.py --index bench_events_10m_s1
closed  bench_events_10m
opened  bench_events_10m_s1

resident topology -> bench_events_10m_s1 (1 shard(s))

  closed  bench_events_10m                        -             - docs
  OPEN    bench_events_10m_s1            1 shard(s)      10000000 docs

=== 23:43:50 === .venv/bin/python runners/ensure_engines.py
[engines] elasticsearch healthy
[engines] elasticsearch-2 healthy
[engines] elasticsearch-3 healthy
[engines] flight-sql healthy
[engines] trino healthy
[engines] trino-worker-1 healthy
[engines] trino-worker-2 healthy
Trino cluster ready: 3 active nodes (2 workers: 6ef3f8ddf30a, f3f2a59b9ea5)
[engines] esql.query.result_truncation_max_size=1000000 (already at the ceiling)
[engines] all engines up and the Trino cluster has assembled

=== 23:43:52 === .venv/bin/python runners/verify_equivalence.py --index bench_events_10m_s1 --out results/20260820T212820-v030-1shard/equivalence-gate.json
/Users/smanciot/git/softnetwork-app/softclient4es-benchmarks/extraction-vs-trino/.venv/lib/python3.12/site-packages/adbc_driver_manager/dbapi.py:369: Warning: Cannot disable autocommit; conn will not be DB-API 2.0 compliant
  warnings.warn(
ok   count: flight=10000000.0 trino=10000000
ok   count: flight=10000000.0 esql=10000000
ok   sum_id: flight=49999995000000.0 trino=49999995000000
ok   sum_id: flight=49999995000000.0 esql=49999995000000
ok   sum_qty: flight=100022935.0 trino=100022935
ok   sum_qty: flight=100022935.0 esql=100022935
ok   sum_amount: flight=5006090520.54 trino=5006090520.540772
ok   sum_amount: flight=5006090520.54 esql=5006090520.54
S3 groups flight vs trino: 100 groups identical (counts exact, averages within 1e-09)
S3 groups flight vs esql: 100 groups identical (counts exact, averages within 1e-09)
ok   terms exactness: doc_count_error_upper_bound=0, sum_other_doc_count=0 (size=65536, 100 buckets)

All equivalence checks passed: every stack returns the same data.
gate verdict PASS; 0 non-blocking skip(s)

=== 23:45:38 === warming the page cache before the first timed block
/Users/smanciot/git/softnetwork-app/softclient4es-benchmarks/extraction-vs-trino/.venv/lib/python3.12/site-packages/adbc_driver_manager/dbapi.py:369: Warning: Cannot disable autocommit; conn will not be DB-API 2.0 compliant
  warnings.warn(
warm pass rows: 10000000
/Users/smanciot/git/softnetwork-app/softclient4es-benchmarks/extraction-vs-trino/.venv/lib/python3.12/site-packages/adbc_driver_manager/dbapi.py:369: Warning: Cannot disable autocommit; conn will not be DB-API 2.0 compliant
  warnings.warn(
warm pass rows: 10000000

=== 23:47:05 === page cache warmed

=== 23:47:05 === .venv/bin/python runners/orchestrate.py --session results/20260820T212820-v030-1shard --stop-idle-engine --index bench_events_10m_s1 --variant 1shard --stacks flight trino --scenarios S1 S3
session: results/20260820T212820-v030-1shard
[flight S1] warmup 1/2
[flight S1] warmup 2/2
[flight S1] run 1/5
[flight S1] run 2/5
[flight S1] run 3/5
[flight S1] run 4/5
[flight S1] run 5/5
Trino cluster ready: 3 active nodes (2 workers: 6ef3f8ddf30a, f3f2a59b9ea5)
[trino S1] warmup 1/2
[trino S1] warmup 2/2
[trino S1] run 1/5
[trino S1] run 2/5
[trino S1] run 3/5
[trino S1] run 4/5
[trino S1] run 5/5
[flight S3] warmup 1/2
[flight S3] warmup 2/2
[flight S3] run 1/5
[flight S3] run 2/5
[flight S3] run 3/5
[flight S3] run 4/5
[flight S3] run 5/5
Trino cluster ready: 3 active nodes (2 workers: 6ef3f8ddf30a, f3f2a59b9ea5)
[trino S3] warmup 1/2
[trino S3] warmup 2/2
[trino S3] run 1/5
[trino S3] run 2/5
[trino S3] run 3/5
[trino S3] run 4/5
[trino S3] run 5/5

completed 20 measured run(s)
session: results/20260820T212820-v030-1shard

=== 00:03:37 === .venv/bin/python runners/probe_trino_splits.py --index bench_events_10m_s1 --out results/20260820T212820-v030-1shard/trino-splits-probe.json
{"stack": "trino", "scenario": "splits-probe", "ts": "2026-08-20T22:03:37Z", "index": "bench_events_10m_s1", "query": "SELECT id, event_ts, amount, qty, status, country, category, name FROM bench_events_10m_s1", "query_id": "20260820_220337_00008_dzpkw", "nodes": [{"node_id": "807d6d725410", "coordinator": true, "state": "active"}, {"node_id": "f3f2a59b9ea5", "coordinator": false, "state": "active"}, {"node_id": "6ef3f8ddf30a", "coordinator": false, "state": "active"}], "splits_by_node_stage": [{"node_id": "f3f2a59b9ea5", "stage_id": 0, "splits": 1}], "scan_stage_id": 0, "scan_splits_total": 1, "scan_splits_by_node": {"f3f2a59b9ea5": 1}, "nodes_with_scan_splits": 1}

=== 00:04:36 === restoring the 6-shard topology

=== 00:04:36 === .venv/bin/python generator/select_topology.py --index bench_events_10m
opened  bench_events_10m
closed  bench_events_10m_s1

resident topology -> bench_events_10m (6 shard(s))

  OPEN    bench_events_10m               6 shard(s)      10000000 docs
  closed  bench_events_10m_s1                     -             - docs

=== 00:04:36 === wrote results/20260820T212820-v030-1shard/summary.md

=== 00:04:36 === DONE  phase 3 (results/20260820T212820-v030-1shard)
