
=== 21:28:20 === session results/20260820T212820-v030

=== 21:28:20 === .venv/bin/python runners/ensure_engines.py
[engines] elasticsearch healthy
[engines] elasticsearch-2 healthy
[engines] elasticsearch-3 healthy
[engines] flight-sql healthy
[engines] trino healthy
[engines] trino-worker-1 healthy
[engines] trino-worker-2 healthy
Trino cluster ready: 3 active nodes (2 workers: 6ef3f8ddf30a, f3f2a59b9ea5)
[engines] all engines up and the Trino cluster has assembled

=== 21:28:21 === .venv/bin/python runners/verify_equivalence.py --out results/20260820T212820-v030/equivalence-gate.json
/Users/smanciot/git/softnetwork-app/softclient4es-benchmarks/extraction-vs-trino/.venv/lib/python3.12/site-packages/adbc_driver_manager/dbapi.py:369: Warning: Cannot disable autocommit; conn will not be DB-API 2.0 compliant
  warnings.warn(
ok   count: flight=10000000.0 trino=10000000
ok   count: flight=10000000.0 esql=10000000
ok   sum_id: flight=49999995000000.0 trino=49999995000000
ok   sum_id: flight=49999995000000.0 esql=49999995000000
ok   sum_qty: flight=100022935.0 trino=100022935
ok   sum_qty: flight=100022935.0 esql=100022935
ok   sum_amount: flight=5006090520.54 trino=5006090520.540083
ok   sum_amount: flight=5006090520.54 esql=5006090520.54
S3 groups flight vs trino: 100 groups identical (counts exact, averages within 1e-09)
S3 groups flight vs esql: 100 groups identical (counts exact, averages within 1e-09)
ok   terms exactness: doc_count_error_upper_bound=0, sum_other_doc_count=0 (size=65536, 100 buckets)

All equivalence checks passed: every stack returns the same data.

=== 21:28:46 === .venv/bin/python runners/orchestrate.py --session results/20260820T212820-v030 --stop-idle-engine --stacks es-raw --scenarios S0 S0p
stale lock from dead pid 68651 -- taking it over
session: results/20260820T212820-v030
[es-raw S0] warmup 1/2
[es-raw S0] warmup 2/2
[es-raw S0] run 1/5
[es-raw S0] run 2/5
[es-raw S0] run 3/5
[es-raw S0] run 4/5
[es-raw S0] run 5/5
[es-raw S0p] warmup 1/2
[es-raw S0p] warmup 2/2
[es-raw S0p] run 1/5
[es-raw S0p] run 2/5
[es-raw S0p] run 3/5
[es-raw S0p] run 4/5
[es-raw S0p] run 5/5

completed 10 measured run(s)
session: results/20260820T212820-v030

=== 21:35:32 === .venv/bin/python runners/orchestrate.py --session results/20260820T212820-v030 --stop-idle-engine --stacks flight trino --scenarios S1 S1m S1r S2 S3 S4
session: results/20260820T212820-v030
[flight S1] warmup 1/2
[flight S1] warmup 2/2
[flight S1] run 1/5
[flight S1] run 2/5
[flight S1] run 3/5
[flight S1] run 4/5
[flight S1] run 5/5
Trino cluster ready: 3 active nodes (2 workers: 6ef3f8ddf30a, f3f2a59b9ea5)
[trino S1] warmup 1/2
[trino S1] warmup 2/2
[trino S1] run 1/5
[trino S1] run 2/5
[trino S1] run 3/5
[trino S1] run 4/5
[trino S1] run 5/5
[flight S1m] warmup 1/2
[flight S1m] warmup 2/2
[flight S1m] run 1/5
[flight S1m] run 2/5
[flight S1m] run 3/5
[flight S1m] run 4/5
[flight S1m] run 5/5
Trino cluster ready: 3 active nodes (2 workers: 6ef3f8ddf30a, f3f2a59b9ea5)
[trino S1m] warmup 1/2
[trino S1m] warmup 2/2
[trino S1m] run 1/5
[trino S1m] run 2/5
[trino S1m] run 3/5
[trino S1m] run 4/5
[trino S1m] run 5/5
[flight S1r] warmup 1/2
[flight S1r] warmup 2/2
[flight S1r] run 1/5
[flight S1r] run 2/5
[flight S1r] run 3/5
[flight S1r] run 4/5
[flight S1r] run 5/5
Trino cluster ready: 3 active nodes (2 workers: 6ef3f8ddf30a, f3f2a59b9ea5)
[trino S1r] warmup 1/2
[trino S1r] warmup 2/2
[trino S1r] run 1/5
[trino S1r] run 2/5
[trino S1r] run 3/5
[trino S1r] run 4/5
[trino S1r] run 5/5
[flight S2] warmup 1/2
[flight S2] warmup 2/2
[flight S2] run 1/5
[flight S2] run 2/5
[flight S2] run 3/5
[flight S2] run 4/5
[flight S2] run 5/5
Trino cluster ready: 3 active nodes (2 workers: 6ef3f8ddf30a, f3f2a59b9ea5)
[trino S2] warmup 1/2
[trino S2] warmup 2/2
[trino S2] run 1/5
[trino S2] run 2/5
[trino S2] run 3/5
[trino S2] run 4/5
[trino S2] run 5/5
[flight S3] warmup 1/2
[flight S3] warmup 2/2
[flight S3] run 1/5
[flight S3] run 2/5
[flight S3] run 3/5
[flight S3] run 4/5
[flight S3] run 5/5
Trino cluster ready: 3 active nodes (2 workers: 6ef3f8ddf30a, f3f2a59b9ea5)
[trino S3] warmup 1/2
[trino S3] warmup 2/2
[trino S3] run 1/5
[trino S3] run 2/5
[trino S3] run 3/5
[trino S3] run 4/5
[trino S3] run 5/5
[flight S4] warmup 1/2
[flight S4] warmup 2/2
[flight S4] run 1/5
[flight S4] run 2/5
[flight S4] run 3/5
[flight S4] run 4/5
[flight S4] run 5/5
Trino cluster ready: 3 active nodes (2 workers: 6ef3f8ddf30a, f3f2a59b9ea5)
[trino S4] warmup 1/2
[trino S4] warmup 2/2
[trino S4] run 1/5
[trino S4] run 2/5
[trino S4] run 3/5
[trino S4] run 4/5
[trino S4] run 5/5

completed 60 measured run(s)
session: results/20260820T212820-v030

=== 22:04:14 === .venv/bin/python runners/orchestrate.py --session results/20260820T212820-v030 --stop-idle-engine --stacks trino --scenarios S1 --route connectorx
session: results/20260820T212820-v030
Trino cluster ready: 3 active nodes (2 workers: 6ef3f8ddf30a, f3f2a59b9ea5)
[trino S1] warmup 1/2
[trino S1] warmup 2/2
[trino S1] run 1/5
[trino S1] run 2/5
[trino S1] run 3/5
[trino S1] run 4/5
[trino S1] run 5/5

completed 5 measured run(s)
session: results/20260820T212820-v030

=== 22:06:16 === .venv/bin/python runners/orchestrate.py --session results/20260820T212820-v030 --stop-idle-engine --stacks trino --scenarios S1 --route adbc
session: results/20260820T212820-v030
Trino cluster ready: 3 active nodes (2 workers: 6ef3f8ddf30a, f3f2a59b9ea5)
[trino S1] warmup 1/2
[trino S1] warmup 2/2
[trino S1] run 1/5
[trino S1] run 2/5
[trino S1] run 3/5
[trino S1] run 4/5
[trino S1] run 5/5

completed 5 measured run(s)
session: results/20260820T212820-v030

=== 22:10:24 === .venv/bin/python runners/orchestrate.py --session results/20260820T212820-v030 --stop-idle-engine --stacks flight --scenarios S1r --dtype-backend pyarrow
session: results/20260820T212820-v030
[flight S1r] warmup 1/2
[flight S1r] warmup 2/2
[flight S1r] run 1/5
[flight S1r] run 2/5
[flight S1r] run 3/5
[flight S1r] run 4/5
[flight S1r] run 5/5

completed 5 measured run(s)
session: results/20260820T212820-v030

=== 22:12:23 === .venv/bin/python runners/orchestrate.py --session results/20260820T212820-v030 --stop-idle-engine --stacks trino --scenarios S1r --dtype-backend pyarrow
session: results/20260820T212820-v030
Trino cluster ready: 3 active nodes (2 workers: 6ef3f8ddf30a, f3f2a59b9ea5)
[trino S1r] warmup 1/2
[trino S1r] warmup 2/2
[trino S1r] run 1/5
[trino S1r] run 2/5
[trino S1r] run 3/5
[trino S1r] run 4/5
[trino S1r] run 5/5

completed 5 measured run(s)
session: results/20260820T212820-v030

=== 22:19:31 === .venv/bin/python runners/orchestrate.py --session results/20260820T212820-v030 --stop-idle-engine --stacks flight trino --scenarios S1r --frame polars
session: results/20260820T212820-v030
[flight S1r] warmup 1/2
[flight S1r] warmup 2/2
[flight S1r] run 1/5
[flight S1r] run 2/5
[flight S1r] run 3/5
[flight S1r] run 4/5
[flight S1r] run 5/5
Trino cluster ready: 3 active nodes (2 workers: 6ef3f8ddf30a, f3f2a59b9ea5)
[trino S1r] warmup 1/2
[trino S1r] warmup 2/2
[trino S1r] run 1/5
[trino S1r] run 2/5
[trino S1r] run 3/5
[trino S1r] run 4/5
[trino S1r] run 5/5

completed 10 measured run(s)
session: results/20260820T212820-v030

=== 22:28:22 === .venv/bin/python runners/orchestrate.py --session results/20260820T212820-v030 --stop-idle-engine --stacks trino --scenarios S1r --frame polars-cx
session: results/20260820T212820-v030
Trino cluster ready: 3 active nodes (2 workers: 6ef3f8ddf30a, f3f2a59b9ea5)
[trino S1r] warmup 1/2
[trino S1r] warmup 2/2
[trino S1r] run 1/5
[trino S1r] run 2/5
[trino S1r] run 3/5
[trino S1r] run 4/5
[trino S1r] run 5/5

completed 5 measured run(s)
session: results/20260820T212820-v030

=== 22:30:15 === .venv/bin/python runners/orchestrate.py --session results/20260820T212820-v030 --stop-idle-engine --stacks trino --scenarios S1r --frame polars-adbc
session: results/20260820T212820-v030
Trino cluster ready: 3 active nodes (2 workers: 6ef3f8ddf30a, f3f2a59b9ea5)
[trino S1r] warmup 1/2
[trino S1r] warmup 2/2
[trino S1r] run 1/5
[trino S1r] run 2/5
[trino S1r] run 3/5
[trino S1r] run 4/5
[trino S1r] run 5/5

completed 5 measured run(s)
session: results/20260820T212820-v030

=== 22:33:48 === .venv/bin/python runners/orchestrate.py --session results/20260820T212820-v030 --stop-idle-engine --stacks trino --scenarios S1r --frame pandas-cx
session: results/20260820T212820-v030
Trino cluster ready: 3 active nodes (2 workers: 6ef3f8ddf30a, f3f2a59b9ea5)
[trino S1r] warmup 1/2
[trino S1r] warmup 2/2
[trino S1r] run 1/5
[trino S1r] run 2/5
[trino S1r] run 3/5
[trino S1r] run 4/5
[trino S1r] run 5/5

completed 5 measured run(s)
session: results/20260820T212820-v030

=== 22:36:13 === .venv/bin/python runners/orchestrate.py --session results/20260820T212820-v030 --stop-idle-engine --stacks trino --scenarios S1r --frame pandas-adbc
session: results/20260820T212820-v030
Trino cluster ready: 3 active nodes (2 workers: 6ef3f8ddf30a, f3f2a59b9ea5)
[trino S1r] warmup 1/2
[trino S1r] warmup 2/2
[trino S1r] run 1/5
[trino S1r] run 2/5
[trino S1r] run 3/5
[trino S1r] run 4/5
[trino S1r] run 5/5

completed 5 measured run(s)
session: results/20260820T212820-v030

=== 22:39:54 === .venv/bin/python runners/orchestrate.py --session results/20260820T212820-v030 --stop-idle-engine --stacks esql --scenarios S1m S3 S4
session: results/20260820T212820-v030
[esql S1m] warmup 1/2
refusing to run S1m: the cluster's esql.query.result_truncation_max_size is 10,000, below the 1,000,000 rows this cell measures. ES|QL would return 10,000 rows with HTTP 200 and no Warning header, i.e. a silently wrong answer.
Raise it deliberately, and remember it is part of what the run reports:
  curl -XPUT localhost:9200/_cluster/settings -H 'Content-Type: application/json' \
    -d '{"persistent":{"esql.query.result_truncation_max_size":1000000}}'
(the product maximum is 1,000,000; higher values are refused by Elasticsearch itself)

esql/S1m: a guard refused this run -- aborting. The refusal above says what to change.

=== 22:39:55 === FAILED: .venv/bin/python runners/orchestrate.py --session results/20260820T212820-v030 --stop-idle-engine --stacks esql --scenarios S1m S3 S4

=== 22:39:55 === a guard refused -- aborting the session

=== 22:42:05 === RESUMING results/20260820T212820-v030 at block 5 (blocks 0-4 already measured)

=== 22:42:05 === .venv/bin/python runners/ensure_engines.py
[engines] elasticsearch healthy
[engines] elasticsearch-2 healthy
[engines] elasticsearch-3 healthy
[engines] flight-sql healthy
[engines] trino healthy
[engines] trino-worker-1 healthy
[engines] trino-worker-2 healthy
Trino cluster ready: 3 active nodes (2 workers: 6ef3f8ddf30a, f3f2a59b9ea5)
[engines] esql.query.result_truncation_max_size=1000000 (already at the ceiling)
[engines] all engines up and the Trino cluster has assembled

=== 22:42:07 === .venv/bin/python runners/orchestrate.py --session results/20260820T212820-v030 --stop-idle-engine --stacks esql --scenarios S1m S3 S4
session: results/20260820T212820-v030
[esql S1m] warmup 1/2
[esql S1m] warmup 2/2
[esql S1m] run 1/5
[esql S1m] run 2/5
[esql S1m] run 3/5
[esql S1m] run 4/5
[esql S1m] run 5/5
[esql S3] warmup 1/2
[esql S3] warmup 2/2
[esql S3] run 1/5
[esql S3] run 2/5
[esql S3] run 3/5
[esql S3] run 4/5
[esql S3] run 5/5
[esql S4] warmup 1/2
[esql S4] warmup 2/2
[esql S4] run 1/5
[esql S4] run 2/5
[esql S4] run 3/5
[esql S4] run 4/5
[esql S4] run 5/5

completed 15 measured run(s)
session: results/20260820T212820-v030

=== 22:42:27 === .venv/bin/python runners/orchestrate.py --session results/20260820T212820-v030 --stop-idle-engine --stacks esql --scenarios S1m S3 S4 --esql-route arrow
session: results/20260820T212820-v030
[esql S1m] warmup 1/2
[esql S1m] warmup 2/2
[esql S1m] run 1/5
[esql S1m] run 2/5
[esql S1m] run 3/5
[esql S1m] run 4/5
[esql S1m] run 5/5
[esql S3] warmup 1/2
[esql S3] warmup 2/2
[esql S3] run 1/5
[esql S3] run 2/5
[esql S3] run 3/5
[esql S3] run 4/5
[esql S3] run 5/5
[esql S4] warmup 1/2
[esql S4] warmup 2/2
[esql S4] run 1/5
[esql S4] run 2/5
[esql S4] run 3/5
[esql S4] run 4/5
[esql S4] run 5/5

completed 15 measured run(s)
session: results/20260820T212820-v030

=== 22:42:42 === .venv/bin/python runners/run_esql.py --probe-truncation --out results/20260820T212820-v030/esql-truncation-probe.json
{"stack": "esql", "scenario": "truncation-probe", "index": "bench_events_10m", "ts": "2026-08-20T20:42:42Z", "query": "FROM bench_events_10m | KEEP id, event_ts, amount, qty, status, country, category, name | LIMIT 10000000", "requested_rows": 10000000, "rows_returned": 1000000, "http_status": 200, "warning_header": null, "esql_result_truncation_max_size": 1000000, "truncated_silently": true}

=== 22:42:43 === .venv/bin/python runners/run_esql.py --probe-join bench_events_10m bench_1m --out results/20260820T212820-v030/esql-join-probe.json
{"stack": "esql", "scenario": "J-probe", "ts": "2026-08-20T20:42:43Z", "query": "FROM bench_events_10m | LOOKUP JOIN bench_1m ON id | LIMIT 5", "outcome": "rejected", "status": 400, "reason": "Found 1 problem\nline 1:37: invalid [bench_1m] resolution in lookup mode to an index in [standard] mode"}

=== 22:42:43 === .venv/bin/python runners/orchestrate.py --session results/20260820T212820-v030 --stop-idle-engine --stacks trino --scenarios S1 --trino-catalog elasticsearch_tuned
session: results/20260820T212820-v030
Trino cluster ready: 3 active nodes (2 workers: 6ef3f8ddf30a, f3f2a59b9ea5)
[trino S1] warmup 1/2
[trino S1] warmup 2/2
[trino S1] run 1/5
[trino S1] run 2/5
[trino S1] run 3/5
[trino S1] run 4/5
[trino S1] run 5/5

completed 5 measured run(s)
session: results/20260820T212820-v030

=== 22:48:34 === .venv/bin/python runners/orchestrate.py --session results/20260820T212820-v030 --stop-idle-engine --stacks flight --scenarios S4 --dial hostname
session: results/20260820T212820-v030
[flight S4] warmup 1/2
[flight S4] warmup 2/2
[flight S4] run 1/5
[flight S4] run 2/5
[flight S4] run 3/5
[flight S4] run 4/5
[flight S4] run 5/5

completed 5 measured run(s)
session: results/20260820T212820-v030

=== 22:48:52 === .venv/bin/python runners/probe_connect.py --repeat 30 --out results/20260820T212820-v030/connect-probe.json
/Users/smanciot/git/softnetwork-app/softclient4es-benchmarks/extraction-vs-trino/.venv/lib/python3.12/site-packages/adbc_driver_manager/dbapi.py:369: Warning: Cannot disable autocommit; conn will not be DB-API 2.0 compliant
  warnings.warn(
layer              n    median       min       max       p90   (ms)
tcp               30      0.10      0.05      1.66      0.40
flight-cpp-ip     30      2.07      1.54     12.04      2.61
adbc-go-ip        30      2.86      2.61     12.70      3.74
adbc-go-name      30     17.65     14.28     51.74     22.90

wrote results/20260820T212820-v030/connect-probe.json

=== 22:48:53 === .venv/bin/python runners/orchestrate.py --session results/20260820T212820-v030 --stop-idle-engine --scenarios S1 --drift-scenarios S1 --stacks flight
session: results/20260820T212820-v030
[flight S1] already complete, skipping
[drift flight S1] warmup 1/2
[drift flight S1] warmup 2/2
[drift flight S1] run 1/5
[drift flight S1] run 2/5
[drift flight S1] run 3/5
[drift flight S1] run 4/5
[drift flight S1] run 5/5

completed 5 measured run(s)
session: results/20260820T212820-v030

=== 22:50:14 === matrix complete -- summarizing

=== 22:50:14 === wrote results/20260820T212820-v030/summary.md

=== 22:50:14 === DONE  results/20260820T212820-v030

=== 22:50:30 === quarantined the 5-slice floors -> results/20260820T212820-v030/void-5slice-floors

=== 22:50:30 === re-measuring floors with one slice per primary shard
[engines] elasticsearch healthy
[engines] elasticsearch-2 healthy
[engines] elasticsearch-3 healthy
[engines] flight-sql healthy
[engines] trino healthy
[engines] trino-worker-1 healthy
[engines] trino-worker-2 healthy
Trino cluster ready: 3 active nodes (2 workers: 6ef3f8ddf30a, f3f2a59b9ea5)
[engines] esql.query.result_truncation_max_size=1000000 (already at the ceiling)
[engines] all engines up and the Trino cluster has assembled
session: results/20260820T212820-v030
[es-raw S0] warmup 1/2
[es-raw S0] warmup 2/2
[es-raw S0] run 1/5
[es-raw S0] run 2/5
[es-raw S0] run 3/5
[es-raw S0] run 4/5
[es-raw S0] run 5/5
[es-raw S0p] warmup 1/2
[es-raw S0p] warmup 2/2
[es-raw S0p] run 1/5
[es-raw S0p] run 2/5
[es-raw S0p] run 3/5
[es-raw S0p] run 4/5
[es-raw S0p] run 5/5

completed 10 measured run(s)
session: results/20260820T212820-v030
[floors] S0p slice counts recorded: [6]

=== 22:56:55 === DONE floors (results/20260820T212820-v030)
