
=== 04:18:41 === session results/20260821T041841-v030-prewarm

=== 04:18:41 === .venv/bin/python runners/ensure_engines.py
[engines] elasticsearch healthy
[engines] elasticsearch-2 healthy
[engines] elasticsearch-3 healthy
[engines] flight-sql healthy
[engines] trino healthy
[engines] trino-worker-1 healthy
[engines] trino-worker-2 healthy
Trino cluster ready: 3 active nodes (2 workers: 6ef3f8ddf30a, f3f2a59b9ea5)
[engines] esql.query.result_truncation_max_size=1000000 (already at the ceiling)
[engines] all engines up and the Trino cluster has assembled

=== 04:18:59 === .venv/bin/python runners/verify_equivalence.py --out results/20260821T041841-v030-prewarm/equivalence-gate.json
/Users/smanciot/git/softnetwork-app/softclient4es-benchmarks/extraction-vs-trino/.venv/lib/python3.12/site-packages/adbc_driver_manager/dbapi.py:369: Warning: Cannot disable autocommit; conn will not be DB-API 2.0 compliant
  warnings.warn(
ok   count: flight=10000000.0 trino=10000000
ok   count: flight=10000000.0 esql=10000000
ok   sum_id: flight=49999995000000.0 trino=49999995000000
ok   sum_id: flight=49999995000000.0 esql=49999995000000
ok   sum_qty: flight=100022935.0 trino=100022935
ok   sum_qty: flight=100022935.0 esql=100022935
ok   sum_amount: flight=5006090520.54 trino=5006090520.540083
ok   sum_amount: flight=5006090520.54 esql=5006090520.54
S3 groups flight vs trino: 100 groups identical (counts exact, averages within 1e-09)
S3 groups flight vs esql: 100 groups identical (counts exact, averages within 1e-09)
ok   terms exactness: doc_count_error_upper_bound=0, sum_other_doc_count=0 (size=65536, 100 buckets)

All equivalence checks passed: every stack returns the same data.

=== 04:19:28 === warming the corpus to steady state before the first timed block
/Users/smanciot/git/softnetwork-app/softclient4es-benchmarks/extraction-vs-trino/.venv/lib/python3.12/site-packages/adbc_driver_manager/dbapi.py:369: Warning: Cannot disable autocommit; conn will not be DB-API 2.0 compliant
  warnings.warn(
warm pass 1: 10000000 rows, wall 12.39 s, ES CPU 45.426 s
/Users/smanciot/git/softnetwork-app/softclient4es-benchmarks/extraction-vs-trino/.venv/lib/python3.12/site-packages/adbc_driver_manager/dbapi.py:369: Warning: Cannot disable autocommit; conn will not be DB-API 2.0 compliant
  warnings.warn(
warm pass 2: 10000000 rows, wall 10.25 s, ES CPU 36.741 s
/Users/smanciot/git/softnetwork-app/softclient4es-benchmarks/extraction-vs-trino/.venv/lib/python3.12/site-packages/adbc_driver_manager/dbapi.py:369: Warning: Cannot disable autocommit; conn will not be DB-API 2.0 compliant
  warnings.warn(
warm pass 3: 10000000 rows, wall 10.13 s, ES CPU 35.913 s
/Users/smanciot/git/softnetwork-app/softclient4es-benchmarks/extraction-vs-trino/.venv/lib/python3.12/site-packages/adbc_driver_manager/dbapi.py:369: Warning: Cannot disable autocommit; conn will not be DB-API 2.0 compliant
  warnings.warn(
warm pass 4: 10000000 rows, wall 10.27 s, ES CPU 36.371 s
steady state after 4 passes

=== 04:20:14 === corpus warmed to steady state (see warm-in.json)

=== 04:20:14 === .venv/bin/python runners/orchestrate.py --session results/20260821T041841-v030-prewarm --stop-idle-engine --stacks es-raw --scenarios S0 S0p
session: results/20260821T041841-v030-prewarm
[es-raw S0] warmup 1/2
[es-raw S0] warmup 2/2
[es-raw S0] run 1/5
[es-raw S0] run 2/5
[es-raw S0] run 3/5
[es-raw S0] run 4/5
[es-raw S0] run 5/5
[es-raw S0p] warmup 1/2
[es-raw S0p] warmup 2/2
[es-raw S0p] run 1/5
[es-raw S0p] run 2/5
[es-raw S0p] run 3/5
[es-raw S0p] run 4/5
[es-raw S0p] run 5/5

completed 10 measured run(s)
session: results/20260821T041841-v030-prewarm

=== 04:26:17 === .venv/bin/python runners/orchestrate.py --session results/20260821T041841-v030-prewarm --stop-idle-engine --stacks flight trino --scenarios S1 S1m S1r S2 S3 S4
session: results/20260821T041841-v030-prewarm
[flight S1] warmup 1/2
[flight S1] warmup 2/2
[flight S1] run 1/5
[flight S1] run 2/5
[flight S1] run 3/5
[flight S1] run 4/5
[flight S1] run 5/5
Trino cluster ready: 3 active nodes (2 workers: 6ef3f8ddf30a, f3f2a59b9ea5)
[trino S1] warmup 1/2
[trino S1] warmup 2/2
[trino S1] run 1/5
[trino S1] run 2/5
[trino S1] run 3/5
[trino S1] run 4/5
[trino S1] run 5/5
[flight S1m] warmup 1/2
[flight S1m] warmup 2/2
[flight S1m] run 1/5
[flight S1m] run 2/5
[flight S1m] run 3/5
[flight S1m] run 4/5
[flight S1m] run 5/5
Trino cluster ready: 3 active nodes (2 workers: 6ef3f8ddf30a, f3f2a59b9ea5)
[trino S1m] warmup 1/2
[trino S1m] warmup 2/2
[trino S1m] run 1/5
[trino S1m] run 2/5
[trino S1m] run 3/5
[trino S1m] run 4/5
[trino S1m] run 5/5
[flight S1r] warmup 1/2
[flight S1r] warmup 2/2
[flight S1r] run 1/5
[flight S1r] run 2/5
[flight S1r] run 3/5
[flight S1r] run 4/5
[flight S1r] run 5/5
Trino cluster ready: 3 active nodes (2 workers: 6ef3f8ddf30a, f3f2a59b9ea5)
[trino S1r] warmup 1/2
[trino S1r] warmup 2/2
[trino S1r] run 1/5
[trino S1r] run 2/5
[trino S1r] run 3/5
[trino S1r] run 4/5
[trino S1r] run 5/5
[flight S2] warmup 1/2
[flight S2] warmup 2/2
[flight S2] run 1/5
[flight S2] run 2/5
[flight S2] run 3/5
[flight S2] run 4/5
[flight S2] run 5/5
Trino cluster ready: 3 active nodes (2 workers: 6ef3f8ddf30a, f3f2a59b9ea5)
[trino S2] warmup 1/2
[trino S2] warmup 2/2
[trino S2] run 1/5
[trino S2] run 2/5
[trino S2] run 3/5
[trino S2] run 4/5
[trino S2] run 5/5
[flight S3] warmup 1/2
[flight S3] warmup 2/2
[flight S3] run 1/5
[flight S3] run 2/5
[flight S3] run 3/5
[flight S3] run 4/5
[flight S3] run 5/5
Trino cluster ready: 3 active nodes (2 workers: 6ef3f8ddf30a, f3f2a59b9ea5)
[trino S3] warmup 1/2
[trino S3] warmup 2/2
[trino S3] run 1/5
[trino S3] run 2/5
[trino S3] run 3/5
[trino S3] run 4/5
[trino S3] run 5/5
[flight S4] warmup 1/2
[flight S4] warmup 2/2
[flight S4] run 1/5
[flight S4] run 2/5
[flight S4] run 3/5
[flight S4] run 4/5
[flight S4] run 5/5
Trino cluster ready: 3 active nodes (2 workers: 6ef3f8ddf30a, f3f2a59b9ea5)
[trino S4] warmup 1/2
[trino S4] warmup 2/2
[trino S4] run 1/5
[trino S4] run 2/5
[trino S4] run 3/5
[trino S4] run 4/5
[trino S4] run 5/5

completed 60 measured run(s)
session: results/20260821T041841-v030-prewarm

=== 04:55:44 === .venv/bin/python runners/orchestrate.py --session results/20260821T041841-v030-prewarm --stop-idle-engine --stacks trino --scenarios S1 --route connectorx
session: results/20260821T041841-v030-prewarm
Trino cluster ready: 3 active nodes (2 workers: 6ef3f8ddf30a, f3f2a59b9ea5)
[trino S1] warmup 1/2
[trino S1] warmup 2/2
[trino S1] run 1/5
[trino S1] run 2/5
[trino S1] run 3/5
[trino S1] run 4/5
[trino S1] run 5/5

completed 5 measured run(s)
session: results/20260821T041841-v030-prewarm

=== 04:57:50 === .venv/bin/python runners/orchestrate.py --session results/20260821T041841-v030-prewarm --stop-idle-engine --stacks trino --scenarios S1 --route adbc
session: results/20260821T041841-v030-prewarm
Trino cluster ready: 3 active nodes (2 workers: 6ef3f8ddf30a, f3f2a59b9ea5)
[trino S1] warmup 1/2
[trino S1] warmup 2/2
[trino S1] run 1/5
[trino S1] run 2/5
[trino S1] run 3/5
[trino S1] run 4/5
[trino S1] run 5/5

completed 5 measured run(s)
session: results/20260821T041841-v030-prewarm

=== 05:01:21 === .venv/bin/python runners/orchestrate.py --session results/20260821T041841-v030-prewarm --stop-idle-engine --stacks flight --scenarios S1r --dtype-backend pyarrow
session: results/20260821T041841-v030-prewarm
[flight S1r] warmup 1/2
[flight S1r] warmup 2/2
[flight S1r] run 1/5
[flight S1r] run 2/5
[flight S1r] run 3/5
[flight S1r] run 4/5
[flight S1r] run 5/5

completed 5 measured run(s)
session: results/20260821T041841-v030-prewarm

=== 05:02:54 === .venv/bin/python runners/orchestrate.py --session results/20260821T041841-v030-prewarm --stop-idle-engine --stacks trino --scenarios S1r --dtype-backend pyarrow
session: results/20260821T041841-v030-prewarm
Trino cluster ready: 3 active nodes (2 workers: 6ef3f8ddf30a, f3f2a59b9ea5)
[trino S1r] warmup 1/2
[trino S1r] warmup 2/2
[trino S1r] run 1/5
[trino S1r] run 2/5
[trino S1r] run 3/5
[trino S1r] run 4/5
[trino S1r] run 5/5

completed 5 measured run(s)
session: results/20260821T041841-v030-prewarm

=== 05:26:14 === .venv/bin/python runners/orchestrate.py --session results/20260821T041841-v030-prewarm --stop-idle-engine --stacks flight trino --scenarios S1r --frame polars
session: results/20260821T041841-v030-prewarm
[flight S1r] warmup 1/2
[flight S1r] warmup 2/2
[flight S1r] run 1/5
[flight S1r] run 2/5
[flight S1r] run 3/5
[flight S1r] run 4/5
[flight S1r] run 5/5
Trino cluster ready: 3 active nodes (2 workers: 6ef3f8ddf30a, f3f2a59b9ea5)
[trino S1r] warmup 1/2
[trino S1r] warmup 2/2
[trino S1r] run 1/5
[trino S1r] run 2/5
[trino S1r] run 3/5
[trino S1r] run 4/5
[trino S1r] run 5/5

completed 10 measured run(s)
session: results/20260821T041841-v030-prewarm

=== 05:35:15 === .venv/bin/python runners/orchestrate.py --session results/20260821T041841-v030-prewarm --stop-idle-engine --stacks trino --scenarios S1r --frame polars-cx
session: results/20260821T041841-v030-prewarm
Trino cluster ready: 3 active nodes (2 workers: 6ef3f8ddf30a, f3f2a59b9ea5)
[trino S1r] warmup 1/2
[trino S1r] warmup 2/2
[trino S1r] run 1/5
[trino S1r] run 2/5
[trino S1r] run 3/5
[trino S1r] run 4/5
[trino S1r] run 5/5

completed 5 measured run(s)
session: results/20260821T041841-v030-prewarm

=== 05:37:23 === .venv/bin/python runners/orchestrate.py --session results/20260821T041841-v030-prewarm --stop-idle-engine --stacks trino --scenarios S1r --frame polars-adbc
session: results/20260821T041841-v030-prewarm
Trino cluster ready: 3 active nodes (2 workers: 6ef3f8ddf30a, f3f2a59b9ea5)
[trino S1r] warmup 1/2
[trino S1r] warmup 2/2
[trino S1r] run 1/5
[trino S1r] run 2/5
[trino S1r] run 3/5
[trino S1r] run 4/5
[trino S1r] run 5/5

completed 5 measured run(s)
session: results/20260821T041841-v030-prewarm

=== 05:41:03 === .venv/bin/python runners/orchestrate.py --session results/20260821T041841-v030-prewarm --stop-idle-engine --stacks trino --scenarios S1r --frame pandas-cx
session: results/20260821T041841-v030-prewarm
Trino cluster ready: 3 active nodes (2 workers: 6ef3f8ddf30a, f3f2a59b9ea5)
[trino S1r] warmup 1/2
[trino S1r] warmup 2/2
[trino S1r] run 1/5
[trino S1r] run 2/5
[trino S1r] run 3/5
[trino S1r] run 4/5
[trino S1r] run 5/5

completed 5 measured run(s)
session: results/20260821T041841-v030-prewarm

=== 05:43:12 === .venv/bin/python runners/orchestrate.py --session results/20260821T041841-v030-prewarm --stop-idle-engine --stacks trino --scenarios S1r --frame pandas-adbc
session: results/20260821T041841-v030-prewarm
Trino cluster ready: 3 active nodes (2 workers: 6ef3f8ddf30a, f3f2a59b9ea5)
[trino S1r] warmup 1/2
[trino S1r] warmup 2/2
[trino S1r] run 1/5
[trino S1r] run 2/5
[trino S1r] run 3/5
[trino S1r] run 4/5
[trino S1r] run 5/5

completed 5 measured run(s)
session: results/20260821T041841-v030-prewarm

=== 05:46:44 === .venv/bin/python runners/orchestrate.py --session results/20260821T041841-v030-prewarm --stop-idle-engine --stacks esql --scenarios S1m S3 S4
session: results/20260821T041841-v030-prewarm
[esql S1m] warmup 1/2
[esql S1m] warmup 2/2
[esql S1m] run 1/5
[esql S1m] run 2/5
[esql S1m] run 3/5
[esql S1m] run 4/5
[esql S1m] run 5/5
[esql S3] warmup 1/2
[esql S3] warmup 2/2
[esql S3] run 1/5
[esql S3] run 2/5
[esql S3] run 3/5
[esql S3] run 4/5
[esql S3] run 5/5
[esql S4] warmup 1/2
[esql S4] warmup 2/2
[esql S4] run 1/5
[esql S4] run 2/5
[esql S4] run 3/5
[esql S4] run 4/5
[esql S4] run 5/5

completed 15 measured run(s)
session: results/20260821T041841-v030-prewarm

=== 05:47:04 === .venv/bin/python runners/orchestrate.py --session results/20260821T041841-v030-prewarm --stop-idle-engine --stacks esql --scenarios S1m S3 S4 --esql-route arrow
session: results/20260821T041841-v030-prewarm
[esql S1m] warmup 1/2
[esql S1m] warmup 2/2
[esql S1m] run 1/5
[esql S1m] run 2/5
[esql S1m] run 3/5
[esql S1m] run 4/5
[esql S1m] run 5/5
[esql S3] warmup 1/2
[esql S3] warmup 2/2
[esql S3] run 1/5
[esql S3] run 2/5
[esql S3] run 3/5
[esql S3] run 4/5
[esql S3] run 5/5
[esql S4] warmup 1/2
[esql S4] warmup 2/2
[esql S4] run 1/5
[esql S4] run 2/5
[esql S4] run 3/5
[esql S4] run 4/5
[esql S4] run 5/5

completed 15 measured run(s)
session: results/20260821T041841-v030-prewarm

=== 05:47:19 === .venv/bin/python runners/run_esql.py --probe-truncation --out results/20260821T041841-v030-prewarm/esql-truncation-probe.json
{"stack": "esql", "scenario": "truncation-probe", "index": "bench_events_10m", "ts": "2026-08-21T03:47:19Z", "query": "FROM bench_events_10m | KEEP id, event_ts, amount, qty, status, country, category, name | LIMIT 10000000", "requested_rows": 10000000, "rows_returned": 1000000, "http_status": 200, "warning_header": null, "esql_result_truncation_max_size": 1000000, "truncated_silently": true}

=== 05:47:20 === .venv/bin/python runners/run_esql.py --probe-join bench_events_10m bench_1m --out results/20260821T041841-v030-prewarm/esql-join-probe.json
{"stack": "esql", "scenario": "J-probe", "ts": "2026-08-21T03:47:21Z", "query": "FROM bench_events_10m | LOOKUP JOIN bench_1m ON id | LIMIT 5", "outcome": "rejected", "status": 400, "reason": "Found 1 problem\nline 1:37: invalid [bench_1m] resolution in lookup mode to an index in [standard] mode"}

=== 05:47:21 === .venv/bin/python runners/orchestrate.py --session results/20260821T041841-v030-prewarm --stop-idle-engine --stacks trino --scenarios S1 --trino-catalog elasticsearch_tuned
session: results/20260821T041841-v030-prewarm
Trino cluster ready: 3 active nodes (2 workers: 6ef3f8ddf30a, f3f2a59b9ea5)
[trino S1] warmup 1/2
[trino S1] warmup 2/2
[trino S1] run 1/5
[trino S1] run 2/5
[trino S1] run 3/5
[trino S1] run 4/5
[trino S1] run 5/5

completed 5 measured run(s)
session: results/20260821T041841-v030-prewarm

=== 05:53:17 === .venv/bin/python runners/orchestrate.py --session results/20260821T041841-v030-prewarm --stop-idle-engine --stacks flight --scenarios S4 --dial hostname
session: results/20260821T041841-v030-prewarm
[flight S4] warmup 1/2
[flight S4] warmup 2/2
[flight S4] run 1/5
[flight S4] run 2/5
[flight S4] run 3/5
[flight S4] run 4/5
[flight S4] run 5/5

completed 5 measured run(s)
session: results/20260821T041841-v030-prewarm

=== 05:53:38 === .venv/bin/python runners/probe_connect.py --repeat 30 --out results/20260821T041841-v030-prewarm/connect-probe.json
/Users/smanciot/git/softnetwork-app/softclient4es-benchmarks/extraction-vs-trino/.venv/lib/python3.12/site-packages/adbc_driver_manager/dbapi.py:369: Warning: Cannot disable autocommit; conn will not be DB-API 2.0 compliant
  warnings.warn(
layer              n    median       min       max       p90   (ms)
tcp               30      0.07      0.05      1.01      0.11
flight-cpp-ip     30      1.64      1.48      8.35      2.16
adbc-go-ip        30      3.01      2.67     12.84      3.42
adbc-go-name      30     16.07     13.28     27.14     18.73

wrote results/20260821T041841-v030-prewarm/connect-probe.json

=== 05:53:39 === .venv/bin/python runners/orchestrate.py --session results/20260821T041841-v030-prewarm --stop-idle-engine --scenarios S1 --drift-scenarios S1 --stacks flight
session: results/20260821T041841-v030-prewarm
[flight S1] already complete, skipping
[drift flight S1] warmup 1/2
[drift flight S1] warmup 2/2
[drift flight S1] run 1/5
[drift flight S1] run 2/5
[drift flight S1] run 3/5
[drift flight S1] run 4/5
[drift flight S1] run 5/5

completed 5 measured run(s)
session: results/20260821T041841-v030-prewarm

=== 05:55:05 === .venv/bin/python runners/orchestrate.py --session results/20260821T041841-v030-prewarm --stop-idle-engine --scenarios S1 --drift-scenarios S1 --stacks flight trino
session: results/20260821T041841-v030-prewarm
[flight S1] already complete, skipping
Trino cluster ready: 3 active nodes (2 workers: 6ef3f8ddf30a, f3f2a59b9ea5)
[trino S1] already complete, skipping
[drift flight S1] already complete, skipping

completed 0 measured run(s)
session: results/20260821T041841-v030-prewarm

=== 05:55:26 === matrix complete -- summarizing

=== 05:55:26 === wrote results/20260821T041841-v030-prewarm/summary.md

=== 05:55:26 === DONE  results/20260821T041841-v030-prewarm
